// Jest Snapshot v1, https://goo.gl/fbAQLP

exports[`AsyncValue getInitialAsyncValue initial value 1`] = `
Object {
  "fetching": false,
}
`;
