// Jest Snapshot v1, https://goo.gl/fbAQLP

exports[`AsyncRequest getInitialAsyncRequest initial value 1`] = `
Object {
  "requestFailed": false,
  "requested": false,
  "requesting": false,
}
`;
